---
# Source: blank/templates/manifest.yaml
apiVersion: v1
kind: ConfigMap
metadata:
  name: example
