---
# Source: hashicorp-vault/charts/vault/templates/server-serviceaccount.yaml
apiVersion: v1
kind: ServiceAccount
metadata:
  name: hashicorp-vault
  namespace: default
  labels:
    helm.sh/chart: vault-0.22.0
    app.kubernetes.io/name: vault
    app.kubernetes.io/instance: hashicorp-vault
    app.kubernetes.io/managed-by: Helm
---
# Source: hashicorp-vault/charts/vault/templates/server-config-configmap.yaml
apiVersion: v1
kind: ConfigMap
metadata:
  name: hashicorp-vault-config
  namespace: default
  labels:
    helm.sh/chart: vault-0.22.0
    app.kubernetes.io/name: vault
    app.kubernetes.io/instance: hashicorp-vault
    app.kubernetes.io/managed-by: Helm
data:
  extraconfig-from-values.hcl: |-
    disable_mlock = true
    ui = true
    
    listener "tcp" {
      tls_disable = 1
      address = "[::]:8200"
      cluster_address = "[::]:8201"
      # Enable unauthenticated metrics access (necessary for Prometheus Operator)
      #telemetry {
      #  unauthenticated_metrics_access = "true"
      #}
    }
    storage "file" {
      path = "/vault/data"
    }
    
    # Example configuration for using auto-unseal, using Google Cloud KMS. The
    # GKMS keys must already exist, and the cluster must have a service account
    # that is authorized to access GCP KMS.
    #seal "gcpckms" {
    #   project     = "vault-helm-dev"
    #   region      = "global"
    #   key_ring    = "vault-helm-unseal-kr"
    #   crypto_key  = "vault-helm-unseal-key"
    #}
    
    # Example configuration for enabling Prometheus metrics in your config.
    #telemetry {
    #  prometheus_retention_time = "30s",
    #  disable_hostname = true
    #}
---
# Source: hashicorp-vault/charts/vault/templates/server-clusterrolebinding.yaml
apiVersion: rbac.authorization.k8s.io/v1
kind: ClusterRoleBinding
metadata:
  name: hashicorp-vault-server-binding
  labels:
    helm.sh/chart: vault-0.22.0
    app.kubernetes.io/name: vault
    app.kubernetes.io/instance: hashicorp-vault
    app.kubernetes.io/managed-by: Helm
roleRef:
  apiGroup: rbac.authorization.k8s.io
  kind: ClusterRole
  name: system:auth-delegator
subjects:
- kind: ServiceAccount
  name: hashicorp-vault
  namespace: default
---
# Source: hashicorp-vault/charts/vault/templates/server-headless-service.yaml
# Service for Vault cluster
apiVersion: v1
kind: Service
metadata:
  name: hashicorp-vault-internal
  namespace: default
  labels:
    helm.sh/chart: vault-0.22.0
    app.kubernetes.io/name: vault
    app.kubernetes.io/instance: hashicorp-vault
    app.kubernetes.io/managed-by: Helm
    vault-internal: "true"
  annotations:

spec:
  clusterIP: None
  publishNotReadyAddresses: true
  ports:
    - name: "http"
      port: 8200
      targetPort: 8200
    - name: https-internal
      port: 8201
      targetPort: 8201
  selector:
    app.kubernetes.io/name: vault
    app.kubernetes.io/instance: hashicorp-vault
    component: server
---
# Source: hashicorp-vault/charts/vault/templates/server-service.yaml
# Service for Vault cluster
apiVersion: v1
kind: Service
metadata:
  name: hashicorp-vault
  namespace: default
  labels:
    helm.sh/chart: vault-0.22.0
    app.kubernetes.io/name: vault
    app.kubernetes.io/instance: hashicorp-vault
    app.kubernetes.io/managed-by: Helm
  annotations:

spec:
  # We want the servers to become available even if they're not ready
  # since this DNS is also used for join operations.
  publishNotReadyAddresses: true
  ports:
    - name: http
      port: 8200
      targetPort: 8200
    - name: https-internal
      port: 8201
      targetPort: 8201
  selector:
    app.kubernetes.io/name: vault
    app.kubernetes.io/instance: hashicorp-vault
    component: server
---
# Source: hashicorp-vault/charts/vault/templates/ui-service.yaml
apiVersion: v1
kind: Service
metadata:
  name: hashicorp-vault-ui
  namespace: default
  labels:
    helm.sh/chart: vault-0.22.0
    app.kubernetes.io/name: vault-ui
    app.kubernetes.io/instance: hashicorp-vault
    app.kubernetes.io/managed-by: Helm
spec:
  selector:
    app.kubernetes.io/name: vault
    app.kubernetes.io/instance: hashicorp-vault
    component: server
  publishNotReadyAddresses: true
  ports:
    - name: http
      port: 8200
      targetPort: 8200
  type: LoadBalancer
  externalTrafficPolicy: Cluster
---
# Source: hashicorp-vault/charts/vault/templates/server-statefulset.yaml
# StatefulSet to run the actual vault server cluster.
apiVersion: apps/v1
kind: StatefulSet
metadata:
  name: hashicorp-vault
  namespace: default
  labels:
    app.kubernetes.io/name: vault
    app.kubernetes.io/instance: hashicorp-vault
    app.kubernetes.io/managed-by: Helm
spec:
  serviceName: hashicorp-vault-internal
  podManagementPolicy: Parallel
  replicas: 1
  updateStrategy:
    type: OnDelete
  selector:
    matchLabels:
      app.kubernetes.io/name: vault
      app.kubernetes.io/instance: hashicorp-vault
      component: server
  template:
    metadata:
      labels:
        helm.sh/chart: vault-0.22.0
        app.kubernetes.io/name: vault
        app.kubernetes.io/instance: hashicorp-vault
        component: server
    spec:
      
      affinity:
        podAntiAffinity:
          requiredDuringSchedulingIgnoredDuringExecution:
            - labelSelector:
                matchLabels:
                  app.kubernetes.io/name: vault
                  app.kubernetes.io/instance: "hashicorp-vault"
                  component: server
              topologyKey: kubernetes.io/hostname
  
      
      
      
      terminationGracePeriodSeconds: 10
      serviceAccountName: hashicorp-vault
      
      volumes:
        
        - name: config
          configMap:
            name: hashicorp-vault-config
  
        - name: home
          emptyDir: {}
      containers:
        - name: vault
          
          image: registry.connect.redhat.com/hashicorp/vault:1.11.3-ubi
          imagePullPolicy: IfNotPresent
          command:
          - "/bin/sh"
          - "-ec"
          args: 
          - |
            cp /vault/config/extraconfig-from-values.hcl /tmp/storageconfig.hcl;
            [ -n "${HOST_IP}" ] && sed -Ei "s|HOST_IP|${HOST_IP?}|g" /tmp/storageconfig.hcl;
            [ -n "${POD_IP}" ] && sed -Ei "s|POD_IP|${POD_IP?}|g" /tmp/storageconfig.hcl;
            [ -n "${HOSTNAME}" ] && sed -Ei "s|HOSTNAME|${HOSTNAME?}|g" /tmp/storageconfig.hcl;
            [ -n "${API_ADDR}" ] && sed -Ei "s|API_ADDR|${API_ADDR?}|g" /tmp/storageconfig.hcl;
            [ -n "${TRANSIT_ADDR}" ] && sed -Ei "s|TRANSIT_ADDR|${TRANSIT_ADDR?}|g" /tmp/storageconfig.hcl;
            [ -n "${RAFT_ADDR}" ] && sed -Ei "s|RAFT_ADDR|${RAFT_ADDR?}|g" /tmp/storageconfig.hcl;
            /usr/local/bin/docker-entrypoint.sh vault server -config=/tmp/storageconfig.hcl 
   
          env:
            - name: HOST_IP
              valueFrom:
                fieldRef:
                  fieldPath: status.hostIP
            - name: POD_IP
              valueFrom:
                fieldRef:
                  fieldPath: status.podIP
            - name: VAULT_K8S_POD_NAME
              valueFrom:
                fieldRef:
                  fieldPath: metadata.name
            - name: VAULT_K8S_NAMESPACE
              valueFrom:
                fieldRef:
                  fieldPath: metadata.namespace
            - name: VAULT_ADDR
              value: "http://127.0.0.1:8200"
            - name: VAULT_API_ADDR
              value: "http://$(POD_IP):8200"
            - name: SKIP_CHOWN
              value: "true"
            - name: SKIP_SETCAP
              value: "true"
            - name: HOSTNAME
              valueFrom:
                fieldRef:
                  fieldPath: metadata.name
            - name: VAULT_CLUSTER_ADDR
              value: "https://$(HOSTNAME).hashicorp-vault-internal:8201"
            - name: HOME
              value: "/home/vault"
            
            
            
          volumeMounts:
          
  
    
            - name: data
              mountPath: /vault/data
    
  
  
            - name: config
              mountPath: /vault/config
  
            - name: home
              mountPath: /home/vault
          ports:
            - containerPort: 8200
              name: http
            - containerPort: 8201
              name: https-internal
            - containerPort: 8202
              name: http-rep
          readinessProbe:
            # Check status; unsealed vault servers return 0
            # The exit code reflects the seal status:
            #   0 - unsealed
            #   1 - error
            #   2 - sealed
            exec:
              command: ["/bin/sh", "-ec", "vault status -tls-skip-verify"]
            failureThreshold: 2
            initialDelaySeconds: 5
            periodSeconds: 5
            successThreshold: 1
            timeoutSeconds: 3
          lifecycle:
            # Vault container doesn't receive SIGTERM from Kubernetes
            # and after the grace period ends, Kube sends SIGKILL.  This
            # causes issues with graceful shutdowns such as deregistering itself
            # from Consul (zombie services).
            preStop:
              exec:
                command: [
                  "/bin/sh", "-c",
                  # Adding a sleep here to give the pod eviction a
                  # chance to propagate, so requests will not be made
                  # to this pod while it's terminating
                  "sleep 5 && kill -SIGTERM $(pidof vault)",
                ]
      
  
  volumeClaimTemplates:
    - metadata:
        name: data
      
      spec:
        accessModes:
          - ReadWriteOnce
        resources:
          requests:
            storage: 10Gi
---
# Source: hashicorp-vault/templates/vault-app.yaml
apiVersion: console.openshift.io/v1
kind: ConsoleLink
metadata:
  name: vault-link
  namespace: vault
spec:
  applicationMenu:
    section: HashiCorp Vault
    imageURL: data:image/png;base64,iVBORw0KGgoAAAANSUhEUgAAAf0AAAHhCAQAAADO0a/jAAAcYElEQVR42u2dB5hU5fWHzy5NmoBd7LH3WIIFFVS6goJRFBVjwYqKIhgbCFgQO2LBBoKKBQWFYIt/E2NHo4SABERAaui9LOzm/41DCLA7M7ffr7zv++Qxj48c7j3n++3Mztz7XZGh8h9EdMyhIodKGY1AdMoylXvFAFqB6JQD5Ff2lhKageiMJSrzG7mHdiA64z2yiZ1kFQ1BdMJVKu+b0Y2WIDphN9mCbWURTUG03kUq61txJW1BtN4rpRzVZBaNQbTaWSrnFdCe1iBabXupkEoymeYgWutklfEcNKc9iNbaXPLwHQ1CtNLvJC9NaRGilTaVAoykSYjWOVIKchxtQrTO48QDL9EoRKt8STxxiJTSLERrLFWZ9kh/2oVojf3FM3vKOhqGaIXrVJ590IeWIVphH/HFjrKSpiEa70qVZZ90pW2IxttVfFNbFtI4RKNdqHIcgCtoHaLRXiGBqCYzaR6isc6seGMOL5xL+xCN9VwJTLFMooGIRjpJ5TcEzWghopE2k5CMpYmIxjlWQnM6bUQ0ztMlAkbQSESjHCGR8DtaiWiUv5OIGEwzEY1xsETGQWzegWiIpSqvEfIYLUU0wsckUvZg8w5EA1ynshoxvWgrovb2ksjZQVbQWEStXaFyGgM301pErb1ZYqGWLKC5iNq6QGU0Ji6nvYjaernERlWZQYMRtXSGymeMnEOLEbX0HImVYplIkxG1c2K4jTm80IQ2I2pnE0mAr2k0olZ+LYlwKq1G1MpTJSHeotmI2viWJMYxtBtRG4+RBHmRhiNq4YuSKAfIBpqOmLobVBYT5lHajpi6j0ri7C5raTxiqq5VOUyBnrQeMVV7SipsJ8tpPmJqLlcZTIkutB8xNbtIatSU+QwAMRXnq/ylyKWMADEVL5VUqSLTGQJi4k5X2UuZdowBMXHbSeoUywQGgZioE+LfmMMLZzEKxEQ9SzThI4aBmJgfiTY0YhyIidlINGI4A0FMxOGiFUcxEsREPEo043mGghi7z4t27M/mHYgxu0HlTEMeZjSIsfqwaEl9WcNwEGNzjcqYpvRgPIix2UO0pZ4sY0CIsbhM5UtjbmREiLF4o2hNDZnHkBAjd57KluZcwpgQI/cS0Z4q8jODQozUn9PfmMMLZzMqxEg9W4ygSMYzLMTIHK8yZQitGRdiZLYWg/iAgSFG4gdiFCczMsRIPFkM4w2GhhjaN8Q4jpQyBocYyjKVIwN5jtEhhvI5MZJ9ZT3DQwzsepUhQ3mQ8SEG9kExll1lNQNEDORqlR+DuZMRIgbyTjGaurKEISL6donKjuFczxgRfXu9GE91mcsgEX05V+XGAjoySkRfdhQrqCxTGSaiZ6eqzFhCG8aJ6Nk2Yg1FMo6BInpynDkbc3ihFSNF9GQrsYz3GSpiQd8X62jIWBEL2lAs5DUGi5jX18RKjmDzDsQ8lqmMWMpAxouY04FiLb9h8w7EHJaofFhMP0aMWKH9xGp2kVUMGbGcq1Q2LOcOxoxYzjvEeurIYgaNuIWLVS4c4DpGjbiF14kTVJc5DBtxk3Ps2JjDCxcx7kAXfCyUf8rH8lf5lyzTuGbWNTJNvpAP5QeZKxuYXl4vEmeoLJMZuA+XyMtygdTbood7yNUyStZpVTPrFLlfGmxx4+k20kqelJlMskIn27MxhxdaM3KPrpA+eT4C2lNeDPCaGkfNrAvkKinOUbeK+sEym4mWs7U4RZF8ydA9+L7sVLCXh8qPqdfM+sFW7yIq+pynP1Pdwi/t2pjDCy0Ye0EflkqeermtjE61ZtZX1eu6Fy4P/SuFTbYQBxnD4PPa00cvi2VkajWzjvLx6tWGezg3Okac5ARGn8fhPt8I1pZ/plIz63TZzlfl25nwr54gjjKM4edwmtT03c39C7yRjqPmfz3Jd+X3mLJa/85yGG/8chjsEQz9E6+Z9a0AdQ+XUuev0zhMHOZpYl6BE3J+QZafnWVlojWzrpcDA1V+xfEpPy1Os7eUEPVyBn/U4kuJ1sz6ZsC6Jzo94xK19h2nL1EvZ/DdWs5NtGbW5gHrFstCh2fcV5xnp4JvKF3zxxDdrJNjC7Q4amadEfAXiQwvOzvjlR4uq3KA24j7VpfGhGFyYjWzPhKibldnZ3wbsc9eN7aIwEcUJpFPE6uZtVmIuhc6OuFFas3Dr1xL4Dfz1lC9fCOxmhlXyzYh6p7u6ISvJfL/parMIvKbvCFUL/8UQ82X8nxlGAY3H8Y2S6132EQHIr/Je0N9JLcu8pr5HpW6MFTddk7OtwNx35xKbN6xyRdC9LFjDDVFfshzRVqVEHVd/EVvssc7Jx3iDEK/0Y9DdPGjGGoWy5I8R7tfiMouPpDlDKJenu+I/a+uDXCbTZZjY6gpclzeow2zl+w452b7HTGviGbEfqNnBezg2zHUFOmT91iD33G+h4OTbUbMK2Y0sQ9xAU6DvPdBBr2op7jAVl1rZEcu6PHoaCIe7K2lO5bKob57V0XGR14zQ+GN0x8NVLeW/Nu5uR5HxHPzCsH/1RG+O9czhpqZHyhTPXw2sUeAync6N9NXiHc+DnF+A4dg3/628LR9tv9vlB/2dKx/9r2T/FHOPXG5VK1tyMtTxH7j79DHeu7Z4bI88pr5rhIo7+O+6u4kM5yb51NEuxC7s1XzRmer10YvHOHjwRZea2Zoq97Kez/aOz3X3UXGOjfLdWpdQ0HuJ/YbXSXnefhKdHnkNTOPSOnpe9/E16SGp2sPXLxf435i7YUdZAWx3+TQPPvr1JIH826jEaRmhuPlL4GOdZK0y1u3nvRVv3S4N8MVak2DJ24l8ptZIs/IyeWu/K4jV4Z4gGXFNUW9bp8p74Q62rFykWxf4a8lvWWpoxO8lUh7pbbMIfJbuVhel/vkBvV2/Q9ytwyP5NXzfzUvlK7ST8ZE9JpcKp/Lo2rBXyLnyDXSSwY5/ZTdOWo9g2euJuxoiVcTZz9U42nsaIUz1VoGX1zAskELvIAo+6WSTGLhoOFOYmOOILRi6aDhtiLGwRjL4kGDHUuEg9KE5YMG24QIB2cUCwgNdRTxDcORLKGNrpe/ySDpK13kFnlIXs6zS266NbP+LK/L43KbXC995Dl537lbdDMeQXzDMZTYy7vSXuqW68zucqV8o1XNjNOkewV3pm8jLdSPAJceqD6U6IblYE+bUNjrxwW2dWorE7SomXGedM77ZJl9ZIgjW7FsUOsWQjPA2dhvkBs99KeKDEy5Ztb/q/C2na1pkXdXf1scQGyjYE8nb/T8j4qI90+Ir/X43iiOmlmf9LxJ1wHWP2lpTaDdCqEC7nXyFd/fV0NdU6qZ1d9W3/vIQqtndy+RjYodfO5EY4M3+u7SkFRqZvxWqvus2zjQFiNmuJyNOaKku3Mf7vmnRoFdDuKomX0vcWCAyvY+b687cY2SWrLAqegHe1jDNYnXzPh8oLrbWbpnzwK1ViFSrnLqe/xgVJHpidbMWBL4I62eVs7uSqIaNdUc2ru9feAu9Uu0ZtBfI7LsZ+HkZrAxRxy0d+aS3bqBe9QowZpZbw4x0X/xQxu8UFzggZK2+LcQPaqc47uQOGpmDXPV2mOWTW68WqMQCy2ciP6gUD36R2I1s1YNUbezZZNrQUTj42sHoh/uSS0fJVYz4+JQdX9v1dy+Jp5xcoID0e8SqkNDE6uZcWKouidbNbcTiGe8vGN99G8J1Z/hMdR8LeexTglV9zSLpvYO0YybY62P/kOh+vNtDDU/yXmsK0LV7WDR1I4hmvEzxPLovxyqOwtiqPljnqOtGaJuV2tmNoRYJsEBlm/e8UOI3uwbQ82asjbP0TYIUXmwNXdZHkAsk+EJy1/3dwvcmd4x1GyT91h7Ba5bLPMtmdcTRDIpds/7OuTudeBFMi2Ga8sHFrhh1/Vva9aq9QiJ0cfq6H8TsCsXx1CzjizOe6xlcrTjb/f7EMck2V6WWR3+toF6siDymiL3FDzW9wLVPdSSDTqXedqRECLkFqujP0Gq+O7I0Bhq1peVHo721ADzG81VGBCMWtZ8SFSxA332o0cMNavK556Odbbs6rNyN0umNJ+NOdKgk+Wf81/roxedY6gp8oLnY/3K133qZ1izG38nYpgGVQvsH2P+t8VdPfWhkvSVsohrZrr7gq+j/avs6LFyB1ltyYSmh7pvEUJwnvUX9Q6RGgV/G/9L5DUzVT8PEITCn/VXtmo7zvOIYFoUB3xAlEnOkWtyfjy3rfTx9DGcn5qZr/PuCVQ1855ikOyV56qDDvKTVR/FsjFHijRz4CbezCMs+0mjLZ5uUyynSP9QD7IoXzNzyW4bGVjge/xCrpPX5eKtdqIvkt9JL5lo2VSaEb90+cSJ8GdcLv+Qj2SovClfy6KIaw5TffwxwmskS9Xr+2cyXAbLGPk+sqPVyU+IXto0dib6qJONiV76jGAhYsKOIHY6cDRLERP2aGKnB4NZjJigg4mcLuxv+eYdqNelVvsTOX14nCWJCfk4cdOJnWWN1cttvXwi3eUcaSj7ykHSSNpLH/m7hjWzTpX+cpE0kcNkb2kgbaSzjAx4kZB+rlFrDbSit7Wx/0U6SZ0Kz7m+9Ai4b0EcNbM/TgbmeBRXNTlLvrNgGr2Jmm5sF/IqND1dKV0K3BO3vTzi+ead+GpmfVv2y1u3SM5VP3RMnscitc5AO2628ALeIzydeZu8D8SMv2b2+r3unuruJH8zeCI3EzMdqSmzrAr+t1tdCZ+PQ2ReajUzlsiZnutWlWGGTmRWqKcOQIxcbtUde/V9nXtDWZdKzaxX+6pbTb40ciaXEzFdqSJTLQl+iRzv++w7pVAz6zO+6+6ifgyZNpOpAfY2hMSw5bHNAwKd/ZeJ18y4ULYNUPdS42bye+KlM8Uy3oLgr1KvikE4NeGaWYPtSVsp75P89HM8G3PoTlOnrxf7LNGaGRdL9YB1Oxo1k6ZES38+Nz76jQOf+y2J1sw4LHDdegbdefE5sTKBUwwP/tKtts3yw0EJ1sx6YYhJfWrMTE4hVmbwttHRHx3q3OcmVjNr/RB1exkykbeJlCn8NtBlqLr4TKhzH5tYzewNrGE+/DLjISplaj2BMQwyOPp3hzrzUYnVzDg3VN3WRsxjEHEyib1kvbHR7xzqzAfHUHNQnq+8wnCCEbdL70WczOJRY6N/Z6jzHhNDzRF5bv4NQ0sDpvEoUTKNXY19stsToc57Qgw1c1/Rty5UXf2v6Fvt+xnCoAF3Gxr94SHOuSjHbjjDQ3VyWp6j3T5E3Tss/9wFUqKeLDEy+rNDnHOjGGrWz3u0rSP/5UQfl6g1BEZyk6Gv+0cFPuMXY6jZKaavImtG+KCveLyJCJlKDfVqZ2L0ewQ831p5dtbpEbiL7+Q91pnql4xgtNP+3VcNImQulxkZ/XkBd4N5OIaaBxe80v6CgLP5SvMpXEZ8TMbUzTtuC3CuRxcI6W2BOvhWwWOdEuj+AN1f89mYw3jaGRn9JbKHz/OsLeMir+nlbv2MXX3XrS2TNZ9AO6JjOkUFI6Gn3/m6D76afBx5zcw1kQs8XvF2mq+6xfKu5t0fF/gTDNCIZoZ+zv+6VPIc/JGR1xSpKz94PtaFcqCPiTykfe+bERs7+MjQ8P/Z0wMf9vH1VJs/e3yIxEHyL1/HuthjXKrLq9r3/SMiYwvHGXs9/09ycoFfZy70feFSoZrZqkt9H+sGuUO2KVD5SCMevnUckbGH4QbfxDtGjs5xVi0CPx4zd02RM+T7wMc6Uzrl/GT8ABlmxD4Kw4mLTRxh0D5wFfmj+v34dNlr46vqTnKS9JOfI61ZS/aTs+W5CC6CWipvSEc5eONFsFVkN2kovSN6hm/8bvD4YDIwhhcM37Hvf8FaE0PNeB6BvVYWGbdf0gtExTZ+IyWWhB/js0StE7COR1jaWMBHiImN7CKrWNyYx6BPKALt6cHyxhjumATtqSuLWeCY86KkukTEXm5kiWMObyQeNlPdwOe6YxLOCfzYUDCEP7DME/te3yT/QDRsp5JMIeyxXs1nolN83NEIxtKW2Oe5hr8o1DX8ptqWWLhAUZ7HR7pgXHfumetYNuZwhZYOBz+u+/VNtiWRcIcPHQ1+XLv0mOyHxMElTnQy+HHtzWe2JxIHt3jTueDHtyOvyb5JFFzjMCl1LPpx7cNvsqVqHYBzPOdU8ON7+o7JPkcMXGQvpzbviOuZeyZbotYAOMlDDkU/riftmuxDRMBVdnbm2vXZIbpU39KerFTzB2e5y5Hoh9tgepqVPbmL5e8ydWSRE9F/IlSXvrSwI4vU7MFpbnAi+neE6tEICztyA0vfdbaR6Q5Ev3OoHg22rh/TCz4iDBygowPRvztUh0Zb14+OLHsQqSyTrY/+M6E6ZNtNzpPVzAEUZ1kf/dGh+jPXsm6cxZKHLEVGPPo5jEtDvM4dZN39i2zMAZtobv3rfuPAvbnFsk40Z7nD5rxvefQfD9yZz6zqw/ssddiS4y2PftDnydl2x/7xLHXYmtctD/+AQF2x60q+11nmUJ6DLd+8oyTAK55dd+2VqhkDVMCzlr/uz5H6vvrRUNZZdf7PssShYna3bKmX91vZwXM3DpF5Vp37OjVfgBz0s/5LvmlyhKdOtJHllp15P5Y35GZ7WWF9+FdKF6lWoAuPSJllZ71CnRVAHu5w4ibeX6RTjvvV60sPWcZty+Ae28q/Hdm5Z718It2lnTSUfeVAaSTtpY/83dJz/beaK0ABOjsSfZfszLKGwmwjMwmLVc5kYw7wxsXExSovZkmDNyrJJAJjjZN8PF0YnKc1kbHG1ixn8MNYQmOFY1nK4I8mxMYKm7CUwS/vERzjfY9lDP5pQHSMtwHLGIIwjPAY7TCWMATjYNlAgIx1AxtzQHCeIULG+gzLF4Kzp6wlREa6Vs0OIAQPECMjfYClC+HYwbrdalxwuY+NyABycDtRMs7bWbYQntqygDAZ5QI1M4AIuJY4GeW1LFmIhmoyg0AZ44wCm44C+OBCImWMF7JcIToqyURCZYQT2ZgDouVMYmWEZ7JUIWq+IVja+w3LFKLnNKKlvaexTCEO/kS4tPZPLFGIh2OJl9YeyxKFuHiVgGnrqyxPiI8D2bxD2405DmR5Qpw8Rcy09CmWJsTLHmzeoeXGHLuzNCFu7idq2nk/yxLiZ3tZRti0cpmaCUAC/JG4aeUfWZKQDLVkPoHTxvlqHgAJcQ2R08ZrWI6QHFVlOqHTwulqFgAJcgGx08ILWIqQLMUygeCl7gQ1B4CEaUX0UrcVyxDS4CvCl6pfsQQhHRoTv1RtzBKEtBhFAFNzFMsP0uNoKSOEqVimeg+QIi8Tw1R8maUH6XKArCeIibte9R0gZZ4kion7JMsO0mc3WUMYE3WN6jmABtxHHBP1PpYc6MF2spRAJuZS1W8ATehOJBOzO8sN9KGmzCOUiThP9RpAI64ilol4FUsN9KKq/EwwY/dnNuYA/TifaMbu+Swz0I9iGU84Y3U8G3OAnrQknrHakiUGuvIFAY3NL1heoC+nENHYPIXlBTrzLiGNxXdZWqA3v2Xzjlg25vgtSwt0ZwhRjdwhLCvQn/3YvCPyjTn2Y1mBCTxBXCP1CZYUmEF9WU1gI3O16ieAIdxDZCPzHpYTmEM9WUJoI3GJ6iWAQXQjtpHYjaUEZlFD5hLc0M5VfQQwjE5EN7SdWEZgHlVkKuEN5VTVQwADOY/4hvI8lhCYSZGMI8CBHaf6B2AozYlwYJuzfMBkPiPEgfyMpQNmcxIxDuRJLB0wnZEE2bcjWTZgPkeyeYfvjTmOZNmADbxEnH35EksG7GBfKSHQni1R/QKwhP5E2rP9WS5gD7vKKkLtyVWyC8sFbKI3sfZkb5YK2EVdWUywC7pY9QnAMroS7YJ2ZZmAfVSXOYQ7r3NUjwAs5ArindcrWCJgJ5VlCgHP6RTVHwBLOZeI5/RclgfYS5F8T8gr9Hs25gC7aUrMK7QpSwNs51OCXs5PWRZgPycS9XKeyLIAF3ibsG/h2ywJcIPDpZTAb7JU9QPAEQYR+U0OYjmAO+zD5h2bNubYh+UALvEYsf/Vx1gK4BY7y0qCr3qwM0sBXKMX0Vc9AHCOOrLI8eAvUj0AcJCbHI/+TSwBcJPqMsvh4M9iYw5wl8scjv5ljB/cpbJMdjT4k9mYA9zmHEejfw6jB7cpkr87GPzv2JgDoImD0W/C2AFEPnEs+J8wcoAMxzsW/eMZOUCWtxwK/luMG+C/HOrM5h2l6lwBYBMvOhL9Fxk1wObsLescCP46dZ4AsAWPOBD9RxgzwNbsJCssD/4KdY4AUI6elke/JyMGqIhtZaHFwV+ozg8AKqSLxdHvwngBcrGNzLQ0+DPVuQFATi61NPqXMlqAfFSSSRYGf5I6LwDIS1sLo9+WsQIUoki+tSz437IxB4AXmloW/aaMFMAbH1oU/A8ZJ4BXGlgU/QaME8A7b1oS/DcZJYAfDpYNFgR/gzoPAPDF8xZE/3nGCOCXPWWt4cFfq84BAHzzsOHRf5gRAgRhR1lucPCXq+MHgEDcZXD072J8AEGpLQsMDf4CdewAEJgbDI3+DYwOIAzV5BcDg/+LOm4ACMUlBkb/EsYGEJZK8qNhwZ/IxhwAUXC2YdE/m5EBRMM3BgX/G8YFEBWnGxT90xkXQHR8YEjwP2BUAFFyrCHRP5ZRAUTLGwYE/w3GBBA1B2m/eccGdYwAEDnPah79ZxkRQBzsofXmHWvV8QFALDyocfQfZDwAcbGDLNM0+MvUsQFAbNypafTvZDQAcVJL5msY/PnquAAgVq7XMPrXMxaAuKkq0zUL/nR1TAAQOxdrFv2LGQlAEhTLBI2CP0EdDwAkQhuNot+GcQAkx1eaBP8rRgGQJKdqEv1TGQVAsrynQfDfYwwASXOMlKUc/DJ1DACQOK+lHP3XGAFAGhwg61MM/nr19wNAKgxMMfoDaT9AWuwma1IK/hr1dwNAajyQUvQfoPUAabKdLE0h+EvV3wsAqXJ7CtG/nbYDpE1NmZdw8OepvxMAUue6hKN/HS0H0IGqMi3B4E9jYw4AXbgowehfRLsBdKFYxicU/PFszAGgE2cmFP0zaTWAXnyRQPC/oM0AutEogeg3os0A+jEm5uCPocUAOnJUrJt3lKn6AKAlr8YY/VdpL4Cu7B/b5h3rVW0A0JanY4r+07QWQGfqy+oYgr9a1QUArekbQ/T70lYA3aknSyIO/hJVEwC057aIo38bLQUwgRoyN8Lgz1X1AMAIrokw+tfQTgBTqCJTIwr+VFULAIyhQ0TR70ArAUyiWMZFEPxxbMwBYBpnRBD9M2gjgHl8FjL4n9FCABM5OWT0T6aFAGYyOkTwR9M+AFM5MvDmHWXqzwKAsbwSMPqv0DoAk9lXSgIEv0T9OQAwmicDRP9J2gZgOrvKKp/BX6X+DAAYz30+o38fLQOwgbqy2EfwF6v/HgCs4FYf0b+VdgHYQg2Z4zH4c9iYA8AmrvYY/atpFYBNVJGfPAT/JzbmALCN8z1E/3zaBGAbRfJDgeD/oP4bALCOlgWi35IWAdjJp3mC/yntAbCVhnmi35D2ANjLuzmC/y6tAbCZw6W0guCXqn8PAFYztILoD6UtALazT7nNO0rUvwMA6xmwVfQH0BIAF9hFVm4W/JWyMy0BcIN7N4v+vbQDwBXqyKKNwV+k/j8AOEO3jdHvRisAXKK6zFbBn63+CQBOcaWK/pW0AcA1Ksto9T8AcA525HGY/wcAxiEwaH/ifAAAAABJRU5ErkJggg==
  href: 'https://vault-vault.apps.foo.cluster.com'
  location: ApplicationMenu
  text: 'Vault'
---
# Source: hashicorp-vault/charts/vault/templates/server-route.yaml
kind: Route
apiVersion: route.openshift.io/v1
metadata:
  name: hashicorp-vault
  namespace: default
  labels:
    helm.sh/chart: vault-0.22.0
    app.kubernetes.io/name: vault
    app.kubernetes.io/instance: hashicorp-vault
    app.kubernetes.io/managed-by: Helm
spec:
  host: 
  to:
    kind: Service
    name: hashicorp-vault
    weight: 100
  port:
    targetPort: 8200
  tls:
    termination: edge
---
# Source: hashicorp-vault/charts/vault/templates/tests/server-test.yaml
apiVersion: v1
kind: Pod
metadata:
  name: "hashicorp-vault-server-test"
  namespace: default
  annotations:
    "helm.sh/hook": test
spec:
  
  containers:
    - name: hashicorp-vault-server-test
      image: registry.connect.redhat.com/hashicorp/vault:1.11.3-ubi
      imagePullPolicy: IfNotPresent
      env:
        - name: VAULT_ADDR
          value: http://hashicorp-vault.default.svc:8200
        
      command:
        - /bin/sh
        - -c
        - |
          echo "Checking for sealed info in 'vault status' output"
          ATTEMPTS=10
          n=0
          until [ "$n" -ge $ATTEMPTS ]
          do
            echo "Attempt" $n...
            vault status -format yaml | grep -E '^sealed: (true|false)' && break
            n=$((n+1))
            sleep 5
          done
          if [ $n -ge $ATTEMPTS ]; then
            echo "timed out looking for sealed info in 'vault status' output"
            exit 1
          fi

          exit 0
      volumeMounts:
  volumes:
  restartPolicy: Never
