---
# Source: pattern-install/templates/pattern-operator-configmap.yaml
apiVersion: v1
kind: ConfigMap
metadata:
  name: patterns-operator-config
  namespace: openshift-operators
data:
  gitops.catalogSource: redhat-operators
  gitops.channel: gitops-1.12

  # gitops.sourceNamespace: GitOpsDefaultCatalogSourceNamespace
  # gitops.installApprovalPlan: GitOpsDefaultApprovalPlan
  # gitops.ManualSync: GitOpsDefaultManualSync
  # gitops.name: GitOpsDefaultPackageName
---
# Source: pattern-install/templates/pattern.yaml
apiVersion: gitops.hybrid-cloud-patterns.io/v1alpha1
kind: Pattern
metadata:
  name: operator-install
  namespace: openshift-operators
spec:
  clusterGroupName: default
  gitSpec:
    targetRepo: https://github.com/pattern-clone/mypattern
    targetRevision: main 
  multiSourceConfig:
    enabled: false
---
# Source: pattern-install/templates/subscription.yaml
apiVersion: operators.coreos.com/v1alpha1
kind: Subscription
metadata:
  name: patterns-operator
  namespace: openshift-operators
  labels:
    operators.coreos.com/patterns-operator.openshift-operators: ""
spec:
  channel: fast
  installPlanApproval: Automatic
  name: patterns-operator
  source: community-operators
  sourceNamespace: openshift-marketplace
