---
# Source: pattern-install/templates/pattern.yaml
apiVersion: gitops.hybrid-cloud-patterns.io/v1alpha1
kind: Pattern
metadata:
  name: operator-install
  namespace: openshift-operators
spec:
  clusterGroupName: example
  gitSpec:
    targetRepo: https://github.com/pattern-clone/mypattern
    targetRevision: main
  gitOpsSpec:
    operatorChannel: stable
---
# Source: pattern-install/templates/subscription.yaml
apiVersion: operators.coreos.com/v1alpha1
kind: Subscription
metadata:
  name: patterns-operator
  namespace: openshift-operators
  labels:
    operators.coreos.com/patterns-operator.openshift-operators: ""
spec:
  channel: fast
  installPlanApproval: Automatic
  name: patterns-operator
  source: community-operators
  sourceNamespace: openshift-marketplace
