---
# Source: acm/templates/policies/acm-hub-ca-policy.yaml
# This pushes out the HUB's Certificate Authorities on to the imported clusters
---
# Source: acm/templates/policies/application-policies.yaml
# TODO: Also create a GitOpsCluster.apps.open-cluster-management.io
---
# Source: acm/templates/policies/private-repo-policies.yaml
# We copy the vp-private-repo-credentials from the "openshift-gitops" namespace
# to the "open-cluster-management" via the "private-hub-policy"
#
# Then we copy the secret from the "open-cluster-management" namespace to the
# managed clusters "openshift-gitops" instance
#
# And we also copy the same secret to the namespaced argo's namespace
---
# Source: acm/templates/multiclusterhub.yaml
apiVersion: operator.open-cluster-management.io/v1
kind: MultiClusterHub
metadata:
  name: multiclusterhub
  namespace: open-cluster-management
  annotations:
    argocd.argoproj.io/sync-wave: "-1"
    installer.open-cluster-management.io/mce-subscription-spec: '{"source": "redhat-operators" }'
spec: {}
---
# Source: acm/templates/policies/ocp-gitops-policy.yaml
apiVersion: policy.open-cluster-management.io/v1
kind: PlacementBinding
metadata:
  name: openshift-gitops-placement-binding
  annotations:
    argocd.argoproj.io/sync-options: SkipDryRunOnMissingResource=true
placementRef:
  name: openshift-gitops-placement
  kind: PlacementRule
  apiGroup: apps.open-cluster-management.io
subjects:
  - name: openshift-gitops-policy
    kind: Policy
    apiGroup: policy.open-cluster-management.io
---
# Source: acm/templates/policies/ocp-gitops-policy.yaml
apiVersion: apps.open-cluster-management.io/v1
kind: PlacementRule
metadata:
  name: openshift-gitops-placement
  annotations:
    argocd.argoproj.io/sync-options: SkipDryRunOnMissingResource=true
spec:
  clusterConditions:
    - status: 'True'
      type: ManagedClusterConditionAvailable
  clusterSelector:
    matchExpressions:
      - key: vendor
        operator: In
        values:
          - OpenShift
      - key: local-cluster
        operator: NotIn
        values:
          - 'true'
---
# Source: acm/templates/policies/ocp-gitops-policy.yaml
apiVersion: policy.open-cluster-management.io/v1
kind: Policy
metadata:
  name: openshift-gitops-policy
  annotations:
    policy.open-cluster-management.io/standards: NIST-CSF
    policy.open-cluster-management.io/categories: PR.DS Data Security
    policy.open-cluster-management.io/controls: PR.DS-1 Data-at-rest
    argocd.argoproj.io/sync-options: SkipDryRunOnMissingResource=true
    argocd.argoproj.io/compare-options: IgnoreExtraneous
spec:
  remediationAction: enforce
  disabled: false
  policy-templates:
    - objectDefinition:
        apiVersion: policy.open-cluster-management.io/v1
        kind: ConfigurationPolicy
        metadata:
          name: openshift-gitops-config
        spec:
          remediationAction: enforce
          severity: medium
          namespaceSelector:
            include:
              - default
          object-templates:
            - complianceType: mustonlyhave
              objectDefinition:
                kind: ConfigMap
                apiVersion: v1
                metadata:
                  name: trusted-ca-bundle
                  namespace: openshift-gitops
                  labels:
                    config.openshift.io/inject-trusted-cabundle: 'true'
            - complianceType: mustonlyhave
              objectDefinition:
                # This is an auto-generated file. DO NOT EDIT
                apiVersion: operators.coreos.com/v1alpha1
                kind: Subscription
                metadata:
                  name: openshift-gitops-operator
                  namespace: openshift-operators
                  labels:
                    operators.coreos.com/openshift-gitops-operator.openshift-operators: ''
                spec:
                  channel: gitops-1.12
                  installPlanApproval: Automatic
                  name: openshift-gitops-operator
                  source: redhat-operators
                  sourceNamespace: openshift-marketplace
                  config:
                    env:
                      - name: ARGOCD_CLUSTER_CONFIG_NAMESPACES
                        value: "*"
